// Vitest Snapshot v1, https://vitest.dev/guide/snapshot.html

exports[`PORT-04: Promoter tool-schema export > zodToJsonSchema(NodePayloadSchema) is structurally equivalent to the snapshotted JSON schema 1`] = `
{
  "hasDescription": true,
  "name": "classify_observation",
  "schema": {
    "$schema": "http://json-schema.org/draft-07/schema#",
    "anyOf": [
      {
        "additionalProperties": false,
        "properties": {
          "anchor": {
            "additionalProperties": false,
            "properties": {
              "file": {
                "type": "string",
              },
              "line": {
                "minimum": 0,
                "type": "integer",
              },
              "symbol": {
                "type": "string",
              },
              "ticket_id": {
                "type": "string",
              },
            },
            "type": "object",
          },
          "body": {
            "minLength": 1,
            "type": "string",
          },
          "cite_eligible": {
            "type": "boolean",
          },
          "detail": {
            "additionalProperties": true,
            "properties": {
              "corroborations": {
                "items": {
                  "type": "string",
                },
                "type": "array",
              },
            },
            "type": "object",
          },
          "kind": {
            "const": "ConstraintNode",
            "type": "string",
          },
        },
        "required": [
          "kind",
          "body",
        ],
        "type": "object",
      },
      {
        "additionalProperties": false,
        "properties": {
          "anchor": {
            "$ref": "#/anyOf/0/properties/anchor",
          },
          "body": {
            "$ref": "#/anyOf/0/properties/body",
          },
          "cite_eligible": {
            "$ref": "#/anyOf/0/properties/cite_eligible",
          },
          "derived_under_priority": {
            "type": "string",
          },
          "detail": {
            "$ref": "#/anyOf/0/properties/detail",
          },
          "kind": {
            "const": "DecisionNode",
            "type": "string",
          },
        },
        "required": [
          "kind",
          "body",
        ],
        "type": "object",
      },
      {
        "additionalProperties": false,
        "properties": {
          "anchor": {
            "$ref": "#/anyOf/0/properties/anchor",
          },
          "body": {
            "$ref": "#/anyOf/0/properties/body",
          },
          "cite_eligible": {
            "$ref": "#/anyOf/0/properties/cite_eligible",
          },
          "contract_path": {
            "type": "string",
          },
          "detail": {
            "$ref": "#/anyOf/0/properties/detail",
          },
          "enforcing_sections": {
            "items": {
              "type": "string",
            },
            "type": "array",
          },
          "kind": {
            "const": "ContractNode",
            "type": "string",
          },
          "patterns": {
            "items": {
              "anyOf": [
                {
                  "additionalProperties": false,
                  "properties": {
                    "kind": {
                      "const": "regex",
                      "type": "string",
                    },
                    "pattern": {
                      "type": "string",
                    },
                    "required": {
                      "type": "boolean",
                    },
                    "scope": {
                      "type": "string",
                    },
                  },
                  "required": [
                    "kind",
                    "pattern",
                    "required",
                  ],
                  "type": "object",
                },
                {
                  "additionalProperties": false,
                  "properties": {
                    "kind": {
                      "const": "jsonpath",
                      "type": "string",
                    },
                    "op": {
                      "enum": [
                        "exists",
                        "eq",
                        "in",
                      ],
                      "type": "string",
                    },
                    "path": {
                      "type": "string",
                    },
                    "value": {},
                  },
                  "required": [
                    "kind",
                    "path",
                    "op",
                  ],
                  "type": "object",
                },
                {
                  "additionalProperties": false,
                  "properties": {
                    "kind": {
                      "const": "forbidden_import",
                      "type": "string",
                    },
                    "module": {
                      "type": "string",
                    },
                  },
                  "required": [
                    "kind",
                    "module",
                  ],
                  "type": "object",
                },
              ],
            },
            "type": "array",
          },
        },
        "required": [
          "kind",
          "body",
        ],
        "type": "object",
      },
      {
        "additionalProperties": false,
        "properties": {
          "anchor": {
            "$ref": "#/anyOf/0/properties/anchor",
          },
          "body": {
            "$ref": "#/anyOf/0/properties/body",
          },
          "cite_eligible": {
            "$ref": "#/anyOf/0/properties/cite_eligible",
          },
          "detail": {
            "$ref": "#/anyOf/0/properties/detail",
          },
          "kind": {
            "const": "OpenQuestion",
            "type": "string",
          },
        },
        "required": [
          "kind",
          "body",
        ],
        "type": "object",
      },
      {
        "additionalProperties": false,
        "properties": {
          "accept_latency_ms": {
            "minimum": 0,
            "type": "number",
          },
          "anchor": {
            "$ref": "#/anyOf/0/properties/anchor",
          },
          "attempt_kind": {
            "type": "string",
          },
          "body": {
            "$ref": "#/anyOf/0/properties/body",
          },
          "kind": {
            "const": "Attempt",
            "type": "string",
          },
          "tier": {
            "enum": [
              "silent",
              "inline",
              "modal",
            ],
            "type": "string",
          },
        },
        "required": [
          "kind",
          "body",
        ],
        "type": "object",
      },
    ],
  },
}
`;
